LabelName 	=>	 Value
loop	=>	3
mine	=>	6
hello	=>	7
var1	=>	9

Unused Labels 
loop
var1

Errors 
